// Jest Snapshot v1, https://goo.gl/fbAQLP

exports[`React HankLiuIcon Component should create SVG element. 1`] = `ReactWrapper {}`;
